// Jest Snapshot v1, https://goo.gl/fbAQLP

exports[`renders a welcome message when signed out 1`] = `
<div>
  <main
    class="container"
  >
    <h1>
      Library Catalog
    </h1>
    <header>
      <a
        data-testid="books-link"
        href="/books"
      >
        Catalog
      </a>
    </header>
  </main>
</div>
`;
